time="2026-07-14T21:43:35+05:30" level=warning msg="/home/jagapathi/Downloads/big/docker-compose.yml: the attribute `version` is obsolete, it will be ignored, please remove it to avoid potential confusion"
time="2026-07-14T21:43:35+05:30" level=warning msg="Docker Compose is configured to build using Bake, but buildx isn't installed"
#0 building with "default" instance using docker driver

#1 [ai-service internal] load build definition from Dockerfile
#1 transferring dockerfile: 402B done
#1 DONE 0.0s

#2 [ai-service internal] load metadata for docker.io/library/python:3.12-slim
#2 DONE 4.2s

#3 [ai-service internal] load .dockerignore
#3 transferring context: 2B done
#3 DONE 0.0s

#4 [ai-service internal] load build context
#4 transferring context: 1.50kB done
#4 DONE 0.0s

#5 [ai-service 1/6] FROM docker.io/library/python:3.12-slim@sha256:c3d81d25b3154142b0b42eb1e61300024426268edeb5b5a26dd7ddf64d9daf28
#5 resolve docker.io/library/python:3.12-slim@sha256:c3d81d25b3154142b0b42eb1e61300024426268edeb5b5a26dd7ddf64d9daf28 0.0s done
#5 DONE 0.0s

#6 [ai-service 2/6] WORKDIR /app
#6 CACHED

#7 [ai-service 3/6] RUN apt-get update && apt-get install -y --no-install-recommends     build-essential     libpq-dev     libgomp1     && rm -rf /var/lib/apt/lists/*
#7 CACHED

#8 [ai-service 4/6] COPY requirements.txt .
#8 CACHED

#9 [ai-service 5/6] RUN pip install --no-cache-dir -r requirements.txt
#9 6.956 Collecting fastapi==0.111.0 (from -r requirements.txt (line 1))
#9 7.165   Downloading fastapi-0.111.0-py3-none-any.whl.metadata (25 kB)
#9 7.465 Collecting uvicorn==0.30.1 (from -r requirements.txt (line 2))
#9 7.513   Downloading uvicorn-0.30.1-py3-none-any.whl.metadata (6.3 kB)
#9 7.723 Collecting scikit-learn==1.5.0 (from -r requirements.txt (line 3))
#9 7.788   Downloading scikit_learn-1.5.0-cp312-cp312-manylinux_2_17_x86_64.manylinux2014_x86_64.whl.metadata (11 kB)
#9 7.882 Collecting xgboost==2.0.3 (from -r requirements.txt (line 4))
#9 7.951   Downloading xgboost-2.0.3-py3-none-manylinux2014_x86_64.whl.metadata (2.0 kB)
#9 8.065 Collecting lightgbm==4.3.0 (from -r requirements.txt (line 5))
#9 8.163   Downloading lightgbm-4.3.0-py3-none-manylinux_2_28_x86_64.whl.metadata (19 kB)
#9 8.391 Collecting tensorflow==2.16.1 (from -r requirements.txt (line 6))
#9 8.428   Downloading tensorflow-2.16.1-cp312-cp312-manylinux_2_17_x86_64.manylinux2014_x86_64.whl.metadata (4.3 kB)
#9 8.655 Collecting pandas==2.2.2 (from -r requirements.txt (line 7))
#9 8.792   Downloading pandas-2.2.2-cp312-cp312-manylinux_2_17_x86_64.manylinux2014_x86_64.whl.metadata (19 kB)
#9 9.242 Collecting numpy==1.26.4 (from -r requirements.txt (line 8))
#9 9.290   Downloading numpy-1.26.4-cp312-cp312-manylinux_2_17_x86_64.manylinux2014_x86_64.whl.metadata (61 kB)
#9 9.736 Collecting geopandas==0.14.4 (from -r requirements.txt (line 9))
#9 9.778   Downloading geopandas-0.14.4-py3-none-any.whl.metadata (1.5 kB)
#9 9.861 Collecting joblib==1.4.2 (from -r requirements.txt (line 10))
#9 9.906   Downloading joblib-1.4.2-py3-none-any.whl.metadata (5.4 kB)
#9 10.10 Collecting pydantic==2.7.4 (from -r requirements.txt (line 11))
#9 10.26   Downloading pydantic-2.7.4-py3-none-any.whl.metadata (109 kB)
#9 10.49 Collecting psycopg2-binary==2.9.9 (from -r requirements.txt (line 12))
#9 10.53   Downloading psycopg2_binary-2.9.9-cp312-cp312-manylinux_2_17_x86_64.manylinux2014_x86_64.whl.metadata (4.4 kB)
#9 10.61 Collecting redis==5.0.4 (from -r requirements.txt (line 13))
#9 10.67   Downloading redis-5.0.4-py3-none-any.whl.metadata (9.3 kB)
#9 10.77 Collecting shap==0.45.1 (from -r requirements.txt (line 14))
#9 10.88   Downloading shap-0.45.1-cp312-cp312-manylinux_2_12_x86_64.manylinux2010_x86_64.manylinux_2_17_x86_64.manylinux2014_x86_64.whl.metadata (24 kB)
#9 11.00 Collecting requests==2.32.3 (from -r requirements.txt (line 15))
#9 11.08   Downloading requests-2.32.3-py3-none-any.whl.metadata (4.6 kB)
#9 11.17 Collecting starlette<0.38.0,>=0.37.2 (from fastapi==0.111.0->-r requirements.txt (line 1))
#9 11.21   Downloading starlette-0.37.2-py3-none-any.whl.metadata (5.9 kB)
#9 11.33 Collecting typing-extensions>=4.8.0 (from fastapi==0.111.0->-r requirements.txt (line 1))
#9 11.37   Downloading typing_extensions-4.16.0-py3-none-any.whl.metadata (3.3 kB)
#9 11.46 Collecting fastapi-cli>=0.0.2 (from fastapi==0.111.0->-r requirements.txt (line 1))
#9 11.52   Downloading fastapi_cli-0.0.29-py3-none-any.whl.metadata (6.2 kB)
#9 11.73 Collecting httpx>=0.23.0 (from fastapi==0.111.0->-r requirements.txt (line 1))
#9 11.81   Downloading httpx-0.28.1-py3-none-any.whl.metadata (7.1 kB)
#9 11.91 Collecting jinja2>=2.11.2 (from fastapi==0.111.0->-r requirements.txt (line 1))
#9 11.96   Downloading jinja2-3.1.6-py3-none-any.whl.metadata (2.9 kB)
#9 12.02 Collecting python-multipart>=0.0.7 (from fastapi==0.111.0->-r requirements.txt (line 1))
#9 12.07   Downloading python_multipart-0.0.32-py3-none-any.whl.metadata (2.1 kB)
#9 12.21 Collecting ujson!=4.0.2,!=4.1.0,!=4.2.0,!=4.3.0,!=5.0.0,!=5.1.0,>=4.0.1 (from fastapi==0.111.0->-r requirements.txt (line 1))
#9 12.26   Downloading ujson-5.13.0-cp312-cp312-manylinux_2_24_x86_64.manylinux_2_28_x86_64.whl.metadata (10.0 kB)
#9 12.75 Collecting orjson>=3.2.1 (from fastapi==0.111.0->-r requirements.txt (line 1))
#9 12.79   Downloading orjson-3.11.9-cp312-cp312-manylinux_2_17_x86_64.manylinux2014_x86_64.whl.metadata (41 kB)
#9 12.89 Collecting email_validator>=2.0.0 (from fastapi==0.111.0->-r requirements.txt (line 1))
#9 12.95   Downloading email_validator-2.3.0-py3-none-any.whl.metadata (26 kB)
#9 13.07 Collecting click>=7.0 (from uvicorn==0.30.1->-r requirements.txt (line 2))
#9 13.17   Downloading click-8.4.2-py3-none-any.whl.metadata (2.6 kB)
#9 13.27 Collecting h11>=0.8 (from uvicorn==0.30.1->-r requirements.txt (line 2))
#9 13.31   Downloading h11-0.16.0-py3-none-any.whl.metadata (8.3 kB)
#9 13.56 Collecting scipy>=1.6.0 (from scikit-learn==1.5.0->-r requirements.txt (line 3))
#9 14.66   WARNING: Retrying (Retry(total=4, connect=None, read=None, redirect=None, status=None)) after connection broken by 'ProtocolError('Connection aborted.', RemoteDisconnected('Remote end closed connection without response'))': /packages/dd/aa/1b939f6c67ed68635bb538e6752d3dacc02f66535182e939a89581a44e9c/scipy-1.18.0-cp312-cp312-manylinux_2_27_x86_64.manylinux_2_28_x86_64.whl.metadata
#9 16.13   Downloading scipy-1.18.0-cp312-cp312-manylinux_2_27_x86_64.manylinux_2_28_x86_64.whl.metadata (62 kB)
#9 18.50 WARNING: Retrying (Retry(total=4, connect=None, read=None, redirect=None, status=None)) after connection broken by 'ProtocolError('Connection aborted.', RemoteDisconnected('Remote end closed connection without response'))': /simple/threadpoolctl/
#9 20.61 Collecting threadpoolctl>=3.1.0 (from scikit-learn==1.5.0->-r requirements.txt (line 3))
#9 20.97   Downloading threadpoolctl-3.6.0-py3-none-any.whl.metadata (13 kB)
#9 21.84 Collecting absl-py>=1.0.0 (from tensorflow==2.16.1->-r requirements.txt (line 6))
#9 22.03   Downloading absl_py-2.5.0-py3-none-any.whl.metadata (3.3 kB)
#9 22.20 Collecting astunparse>=1.6.0 (from tensorflow==2.16.1->-r requirements.txt (line 6))
#9 22.68   Downloading astunparse-1.6.3-py2.py3-none-any.whl.metadata (4.4 kB)
#9 23.33 Collecting flatbuffers>=23.5.26 (from tensorflow==2.16.1->-r requirements.txt (line 6))
#9 23.93   Downloading flatbuffers-25.12.19-py2.py3-none-any.whl.metadata (1.0 kB)
#9 24.48 Collecting gast!=0.5.0,!=0.5.1,!=0.5.2,>=0.2.1 (from tensorflow==2.16.1->-r requirements.txt (line 6))
#9 25.30   Downloading gast-0.7.0-py3-none-any.whl.metadata (1.5 kB)
#9 25.91 Collecting google-pasta>=0.1.1 (from tensorflow==2.16.1->-r requirements.txt (line 6))
#9 26.65   Downloading google_pasta-0.2.0-py3-none-any.whl.metadata (814 bytes)
#9 29.92 Collecting h5py>=3.10.0 (from tensorflow==2.16.1->-r requirements.txt (line 6))
#9 30.10   Downloading h5py-3.16.0-cp312-cp312-manylinux_2_28_x86_64.whl.metadata (3.0 kB)
#9 30.64 Collecting libclang>=13.0.0 (from tensorflow==2.16.1->-r requirements.txt (line 6))
#9 31.52   Downloading libclang-18.1.1-py2.py3-none-manylinux2010_x86_64.whl.metadata (5.2 kB)
#9 32.68 Collecting ml-dtypes~=0.3.1 (from tensorflow==2.16.1->-r requirements.txt (line 6))
#9 33.81   Downloading ml_dtypes-0.3.2-cp312-cp312-manylinux_2_17_x86_64.manylinux2014_x86_64.whl.metadata (20 kB)
#9 34.26 Collecting opt-einsum>=2.3.2 (from tensorflow==2.16.1->-r requirements.txt (line 6))
#9 34.80   Downloading opt_einsum-3.4.0-py3-none-any.whl.metadata (6.3 kB)
#9 36.03 Collecting packaging (from tensorflow==2.16.1->-r requirements.txt (line 6))
#9 37.18   Downloading packaging-26.2-py3-none-any.whl.metadata (3.5 kB)
#9 40.42 Collecting protobuf!=4.21.0,!=4.21.1,!=4.21.2,!=4.21.3,!=4.21.4,!=4.21.5,<5.0.0dev,>=3.20.3 (from tensorflow==2.16.1->-r requirements.txt (line 6))
#9 40.71   Downloading protobuf-4.25.9-cp37-abi3-manylinux2014_x86_64.whl.metadata (541 bytes)
#9 43.33 Collecting setuptools (from tensorflow==2.16.1->-r requirements.txt (line 6))
#9 43.52   Downloading setuptools-83.0.0-py3-none-any.whl.metadata (6.6 kB)
#9 44.04 Collecting six>=1.12.0 (from tensorflow==2.16.1->-r requirements.txt (line 6))
#9 44.68   Downloading six-1.17.0-py2.py3-none-any.whl.metadata (1.7 kB)
#9 44.85 Collecting termcolor>=1.1.0 (from tensorflow==2.16.1->-r requirements.txt (line 6))
#9 45.40   Downloading termcolor-3.3.0-py3-none-any.whl.metadata (6.5 kB)
#9 50.44 Collecting wrapt>=1.11.0 (from tensorflow==2.16.1->-r requirements.txt (line 6))
#9 50.84   Downloading wrapt-2.2.2-cp312-cp312-manylinux1_x86_64.manylinux_2_28_x86_64.manylinux_2_5_x86_64.whl.metadata (7.4 kB)
#9 61.49 Collecting grpcio<2.0,>=1.24.3 (from tensorflow==2.16.1->-r requirements.txt (line 6))
#9 61.75   Downloading grpcio-1.82.1-cp312-cp312-manylinux2014_x86_64.manylinux_2_17_x86_64.whl.metadata (3.7 kB)
#9 62.77 Collecting tensorboard<2.17,>=2.16 (from tensorflow==2.16.1->-r requirements.txt (line 6))
#9 62.93   Downloading tensorboard-2.16.2-py3-none-any.whl.metadata (1.6 kB)
#9 63.23 Collecting keras>=3.0.0 (from tensorflow==2.16.1->-r requirements.txt (line 6))
#9 64.32   Downloading keras-3.15.0-py3-none-any.whl.metadata (6.3 kB)
#9 64.52 Collecting python-dateutil>=2.8.2 (from pandas==2.2.2->-r requirements.txt (line 7))
#9 65.31   Downloading python_dateutil-2.9.0.post0-py2.py3-none-any.whl.metadata (8.4 kB)
#9 66.02 Collecting pytz>=2020.1 (from pandas==2.2.2->-r requirements.txt (line 7))
#9 66.77   Downloading pytz-2026.2-py2.py3-none-any.whl.metadata (22 kB)
#9 67.20 Collecting tzdata>=2022.7 (from pandas==2.2.2->-r requirements.txt (line 7))
#9 67.47   Downloading tzdata-2026.3-py2.py3-none-any.whl.metadata (1.4 kB)
#9 68.33 Collecting fiona>=1.8.21 (from geopandas==0.14.4->-r requirements.txt (line 9))
#9 69.59   Downloading fiona-1.10.1-cp312-cp312-manylinux_2_17_x86_64.manylinux2014_x86_64.whl.metadata (56 kB)
#9 71.26 Collecting pyproj>=3.3.0 (from geopandas==0.14.4->-r requirements.txt (line 9))
#9 72.01   Downloading pyproj-3.7.2-cp312-cp312-manylinux_2_28_x86_64.whl.metadata (31 kB)
#9 74.22 Collecting shapely>=1.8.0 (from geopandas==0.14.4->-r requirements.txt (line 9))
#9 74.37   Downloading shapely-2.1.2-cp312-cp312-manylinux2014_x86_64.manylinux_2_17_x86_64.whl.metadata (6.8 kB)
#9 75.31 Collecting annotated-types>=0.4.0 (from pydantic==2.7.4->-r requirements.txt (line 11))
#9 75.39   Downloading annotated_types-0.7.0-py3-none-any.whl.metadata (15 kB)
#9 86.68 Collecting pydantic-core==2.18.4 (from pydantic==2.7.4->-r requirements.txt (line 11))
#9 86.90   Downloading pydantic_core-2.18.4-cp312-cp312-manylinux_2_17_x86_64.manylinux2014_x86_64.whl.metadata (6.5 kB)
#9 87.36 Collecting tqdm>=4.27.0 (from shap==0.45.1->-r requirements.txt (line 14))
#9 87.46   Downloading tqdm-4.68.4-py3-none-any.whl.metadata (57 kB)
#9 87.71 Collecting slicer==0.0.8 (from shap==0.45.1->-r requirements.txt (line 14))
#9 87.77   Downloading slicer-0.0.8-py3-none-any.whl.metadata (4.0 kB)
#9 88.00 Collecting numba (from shap==0.45.1->-r requirements.txt (line 14))
#9 88.04   Downloading numba-0.66.0-cp312-cp312-manylinux2014_x86_64.manylinux_2_17_x86_64.whl.metadata (2.7 kB)
#9 88.19 Collecting cloudpickle (from shap==0.45.1->-r requirements.txt (line 14))
#9 88.27   Downloading cloudpickle-3.1.2-py3-none-any.whl.metadata (7.1 kB)
#9 88.55 Collecting charset-normalizer<4,>=2 (from requests==2.32.3->-r requirements.txt (line 15))
#9 88.73   Downloading charset_normalizer-3.4.9-cp312-cp312-manylinux2014_x86_64.manylinux_2_17_x86_64.manylinux_2_28_x86_64.whl.metadata (41 kB)
#9 88.94 Collecting idna<4,>=2.5 (from requests==2.32.3->-r requirements.txt (line 15))
#9 89.04   Downloading idna-3.18-py3-none-any.whl.metadata (6.1 kB)
#9 89.27 Collecting urllib3<3,>=1.21.1 (from requests==2.32.3->-r requirements.txt (line 15))
#9 89.46   Downloading urllib3-2.7.0-py3-none-any.whl.metadata (6.9 kB)
#9 89.84 Collecting certifi>=2017.4.17 (from requests==2.32.3->-r requirements.txt (line 15))
#9 90.06   Downloading certifi-2026.6.17-py3-none-any.whl.metadata (2.5 kB)
#9 90.44 Collecting wheel<1.0,>=0.23.0 (from astunparse>=1.6.0->tensorflow==2.16.1->-r requirements.txt (line 6))
#9 90.79   Downloading wheel-0.47.0-py3-none-any.whl.metadata (2.3 kB)
#9 91.30 Collecting dnspython>=2.0.0 (from email_validator>=2.0.0->fastapi==0.111.0->-r requirements.txt (line 1))
#9 91.57   Downloading dnspython-2.8.0-py3-none-any.whl.metadata (5.7 kB)
#9 91.84 Collecting typer>=0.16.0 (from fastapi-cli>=0.0.2->fastapi==0.111.0->-r requirements.txt (line 1))
#9 91.94   Downloading typer-0.26.8-py3-none-any.whl.metadata (15 kB)
#9 92.73 Collecting rich-toolkit>=0.14.8 (from fastapi-cli>=0.0.2->fastapi==0.111.0->-r requirements.txt (line 1))
#9 93.14   Downloading rich_toolkit-0.20.3-py3-none-any.whl.metadata (1.0 kB)
#9 93.36 Collecting attrs>=19.2.0 (from fiona>=1.8.21->geopandas==0.14.4->-r requirements.txt (line 9))
#9 93.49   Downloading attrs-26.1.0-py3-none-any.whl.metadata (8.8 kB)
#9 93.60 Collecting click-plugins>=1.0 (from fiona>=1.8.21->geopandas==0.14.4->-r requirements.txt (line 9))
#9 94.17   Downloading click_plugins-1.1.1.2-py2.py3-none-any.whl.metadata (6.5 kB)
#9 95.02 Collecting cligj>=0.5 (from fiona>=1.8.21->geopandas==0.14.4->-r requirements.txt (line 9))
#9 95.84   Downloading cligj-0.7.2-py3-none-any.whl.metadata (5.0 kB)
#9 95.97 Collecting anyio (from httpx>=0.23.0->fastapi==0.111.0->-r requirements.txt (line 1))
#9 96.06   Downloading anyio-4.14.2-py3-none-any.whl.metadata (4.6 kB)
#9 96.41 Collecting httpcore==1.* (from httpx>=0.23.0->fastapi==0.111.0->-r requirements.txt (line 1))
#9 96.47   Downloading httpcore-1.0.9-py3-none-any.whl.metadata (21 kB)
#9 97.01 Collecting MarkupSafe>=2.0 (from jinja2>=2.11.2->fastapi==0.111.0->-r requirements.txt (line 1))
#9 97.11   Downloading markupsafe-3.0.3-cp312-cp312-manylinux2014_x86_64.manylinux_2_17_x86_64.manylinux_2_28_x86_64.whl.metadata (2.7 kB)
#9 97.27 Collecting rich (from keras>=3.0.0->tensorflow==2.16.1->-r requirements.txt (line 6))
#9 97.71   Downloading rich-15.0.0-py3-none-any.whl.metadata (18 kB)
#9 97.80 Collecting namex (from keras>=3.0.0->tensorflow==2.16.1->-r requirements.txt (line 6))
#9 98.18   Downloading namex-0.1.0-py3-none-any.whl.metadata (322 bytes)
#9 113.5 INFO: pip is looking at multiple versions of keras to determine which version is compatible with other requirements. This could take a while.
#9 113.5 Collecting keras>=3.0.0 (from tensorflow==2.16.1->-r requirements.txt (line 6))
#9 114.8   Downloading keras-3.14.1-py3-none-any.whl.metadata (6.3 kB)
#9 115.6   Downloading keras-3.14.0-py3-none-any.whl.metadata (6.3 kB)
#9 116.7   Downloading keras-3.13.2-py3-none-any.whl.metadata (6.3 kB)
#9 118.4   Downloading keras-3.13.1-py3-none-any.whl.metadata (6.3 kB)
#9 119.1   Downloading keras-3.13.0-py3-none-any.whl.metadata (6.3 kB)
#9 120.7   Downloading keras-3.12.3-py3-none-any.whl.metadata (5.9 kB)
#9 121.6   Downloading keras-3.12.2-py3-none-any.whl.metadata (5.9 kB)
#9 121.7 INFO: pip is still looking at multiple versions of keras to determine which version is compatible with other requirements. This could take a while.
#9 122.5   Downloading keras-3.12.1-py3-none-any.whl.metadata (5.9 kB)
#9 123.0   Downloading keras-3.12.0-py3-none-any.whl.metadata (5.9 kB)
#9 123.2   Downloading keras-3.11.3-py3-none-any.whl.metadata (5.9 kB)
#9 123.7   Downloading keras-3.11.2-py3-none-any.whl.metadata (5.9 kB)
#9 123.8   Downloading keras-3.11.1-py3-none-any.whl.metadata (5.9 kB)
#9 123.8 INFO: This is taking longer than usual. You might need to provide the dependency resolver with stricter constraints to reduce runtime. See https://pip.pypa.io/warnings/backtracking for guidance. If you want to abort this run, press Ctrl + C.
#9 124.5   Downloading keras-3.11.0-py3-none-any.whl.metadata (5.9 kB)
#9 124.9   Downloading keras-3.10.0-py3-none-any.whl.metadata (6.0 kB)
#9 125.5   Downloading keras-3.9.2-py3-none-any.whl.metadata (6.1 kB)
#9 126.1   Downloading keras-3.9.1-py3-none-any.whl.metadata (6.1 kB)
#9 126.5   Downloading keras-3.9.0-py3-none-any.whl.metadata (6.1 kB)
#9 127.1   Downloading keras-3.8.0-py3-none-any.whl.metadata (5.8 kB)
#9 128.1   Downloading keras-3.7.0-py3-none-any.whl.metadata (5.8 kB)
#9 128.8   Downloading keras-3.6.0-py3-none-any.whl.metadata (5.8 kB)
#9 129.3   Downloading keras-3.5.0-py3-none-any.whl.metadata (5.8 kB)
#9 129.7   Downloading keras-3.4.1-py3-none-any.whl.metadata (5.8 kB)
#9 130.2   Downloading keras-3.4.0-py3-none-any.whl.metadata (5.8 kB)
#9 130.5   Downloading keras-3.3.3-py3-none-any.whl.metadata (5.7 kB)
#9 131.3   Downloading keras-3.3.2-py3-none-any.whl.metadata (5.7 kB)
#9 131.7   Downloading keras-3.3.1-py3-none-any.whl.metadata (5.7 kB)
#9 132.9   Downloading keras-3.3.0-py3-none-any.whl.metadata (5.8 kB)
#9 133.9   Downloading keras-3.2.1-py3-none-any.whl.metadata (5.6 kB)
#9 134.9   Downloading keras-3.2.0-py3-none-any.whl.metadata (5.6 kB)
#9 135.5   Downloading keras-3.1.1-py3-none-any.whl.metadata (5.6 kB)
#9 136.0   Downloading keras-3.1.0-py3-none-any.whl.metadata (5.6 kB)
#9 136.4   Downloading keras-3.0.5-py3-none-any.whl.metadata (4.8 kB)
#9 140.5 Collecting dm-tree (from keras>=3.0.0->tensorflow==2.16.1->-r requirements.txt (line 6))
#9 141.1   Downloading dm_tree-0.1.10-cp312-cp312-manylinux_2_24_x86_64.manylinux_2_28_x86_64.whl.metadata (2.6 kB)
#9 141.1 INFO: pip is looking at multiple versions of scipy to determine which version is compatible with other requirements. This could take a while.
#9 141.1 Collecting scipy>=1.6.0 (from scikit-learn==1.5.0->-r requirements.txt (line 3))
#9 141.7   Downloading scipy-1.17.1-cp312-cp312-manylinux_2_27_x86_64.manylinux_2_28_x86_64.whl.metadata (62 kB)
#9 142.3 Collecting markdown>=2.6.8 (from tensorboard<2.17,>=2.16->tensorflow==2.16.1->-r requirements.txt (line 6))
#9 143.2   Downloading markdown-3.10.2-py3-none-any.whl.metadata (5.1 kB)
#9 143.5 Collecting tensorboard-data-server<0.8.0,>=0.7.0 (from tensorboard<2.17,>=2.16->tensorflow==2.16.1->-r requirements.txt (line 6))
#9 143.6   Downloading tensorboard_data_server-0.7.2-py3-none-manylinux_2_31_x86_64.whl.metadata (1.1 kB)
#9 144.2 Collecting werkzeug>=1.0.1 (from tensorboard<2.17,>=2.16->tensorflow==2.16.1->-r requirements.txt (line 6))
#9 144.6   Downloading werkzeug-3.1.8-py3-none-any.whl.metadata (4.0 kB)
#9 145.8 Collecting httptools>=0.5.0 (from uvicorn[standard]>=0.12.0->fastapi==0.111.0->-r requirements.txt (line 1))
#9 146.0   Downloading httptools-0.8.0-cp312-cp312-manylinux1_x86_64.manylinux_2_28_x86_64.manylinux_2_5_x86_64.whl.metadata (3.5 kB)
#9 146.4 Collecting python-dotenv>=0.13 (from uvicorn[standard]>=0.12.0->fastapi==0.111.0->-r requirements.txt (line 1))
#9 146.7   Downloading python_dotenv-1.2.2-py3-none-any.whl.metadata (27 kB)
#9 147.2 Collecting pyyaml>=5.1 (from uvicorn[standard]>=0.12.0->fastapi==0.111.0->-r requirements.txt (line 1))
#9 147.8   Downloading pyyaml-6.0.3-cp312-cp312-manylinux2014_x86_64.manylinux_2_17_x86_64.manylinux_2_28_x86_64.whl.metadata (2.4 kB)
#9 148.1 Collecting uvloop!=0.15.0,!=0.15.1,>=0.14.0 (from uvicorn[standard]>=0.12.0->fastapi==0.111.0->-r requirements.txt (line 1))
#9 148.4   Downloading uvloop-0.22.1-cp312-cp312-manylinux2014_x86_64.manylinux_2_17_x86_64.manylinux_2_28_x86_64.whl.metadata (4.9 kB)
#9 149.3 Collecting watchfiles>=0.13 (from uvicorn[standard]>=0.12.0->fastapi==0.111.0->-r requirements.txt (line 1))
#9 149.7   Downloading watchfiles-1.2.0-cp312-cp312-manylinux_2_17_x86_64.manylinux2014_x86_64.whl.metadata (4.9 kB)
#9 150.3 Collecting websockets>=10.4 (from uvicorn[standard]>=0.12.0->fastapi==0.111.0->-r requirements.txt (line 1))
#9 150.4   Downloading websockets-16.1-cp312-cp312-manylinux1_x86_64.manylinux_2_28_x86_64.manylinux_2_5_x86_64.whl.metadata (6.8 kB)
#9 150.7 Collecting llvmlite<0.49,>=0.48.0dev0 (from numba->shap==0.45.1->-r requirements.txt (line 14))
#9 150.8   Downloading llvmlite-0.48.0-cp312-cp312-manylinux2014_x86_64.manylinux_2_17_x86_64.whl.metadata (5.0 kB)
#9 151.2 Collecting markdown-it-py>=2.2.0 (from rich->keras>=3.0.0->tensorflow==2.16.1->-r requirements.txt (line 6))
#9 151.9   Downloading markdown_it_py-4.2.0-py3-none-any.whl.metadata (7.4 kB)
#9 152.2 Collecting pygments<3.0.0,>=2.13.0 (from rich->keras>=3.0.0->tensorflow==2.16.1->-r requirements.txt (line 6))
#9 152.4   Downloading pygments-2.20.0-py3-none-any.whl.metadata (2.5 kB)
#9 152.6 Collecting shellingham>=1.3.0 (from typer>=0.16.0->fastapi-cli>=0.0.2->fastapi==0.111.0->-r requirements.txt (line 1))
#9 152.9   Downloading shellingham-1.5.4-py2.py3-none-any.whl.metadata (3.5 kB)
#9 153.3 Collecting annotated-doc>=0.0.2 (from typer>=0.16.0->fastapi-cli>=0.0.2->fastapi==0.111.0->-r requirements.txt (line 1))
#9 153.9   Downloading annotated_doc-0.0.4-py3-none-any.whl.metadata (6.6 kB)
#9 155.1 Collecting mdurl~=0.1 (from markdown-it-py>=2.2.0->rich->keras>=3.0.0->tensorflow==2.16.1->-r requirements.txt (line 6))
#9 155.1   Downloading mdurl-0.1.2-py3-none-any.whl.metadata (1.6 kB)
#9 155.3 Downloading fastapi-0.111.0-py3-none-any.whl (91 kB)
#9 155.7 Downloading uvicorn-0.30.1-py3-none-any.whl (62 kB)
#9 156.2 Downloading scikit_learn-1.5.0-cp312-cp312-manylinux_2_17_x86_64.manylinux2014_x86_64.whl (13.1 MB)
#9 189.1    ━━━━━━━━━━━━━━━━━━━━━━━━━━━━━━━━━━━━━━━━ 13.1/13.1 MB 399.9 kB/s eta 0:00:00
#9 189.2 Downloading xgboost-2.0.3-py3-none-manylinux2014_x86_64.whl (297.1 MB)
#9 337.5    ━━━━━━━━━━━━━                            98.3/297.1 MB 396.9 kB/s eta 0:08:21
#9 338.0 
#9 338.0 [notice] A new release of pip is available: 25.0.1 -> 26.1.2
#9 338.0 [notice] To update, run: pip install --upgrade pip
#9 338.1 ERROR: Exception:
#9 338.1 Traceback (most recent call last):
#9 338.1   File "/usr/local/lib/python3.12/site-packages/pip/_vendor/urllib3/response.py", line 438, in _error_catcher
#9 338.1     yield
#9 338.1   File "/usr/local/lib/python3.12/site-packages/pip/_vendor/urllib3/response.py", line 561, in read
#9 338.1     data = self._fp_read(amt) if not fp_closed else b""
#9 338.1            ^^^^^^^^^^^^^^^^^^
#9 338.1   File "/usr/local/lib/python3.12/site-packages/pip/_vendor/urllib3/response.py", line 527, in _fp_read
#9 338.1     return self._fp.read(amt) if amt is not None else self._fp.read()
#9 338.1            ^^^^^^^^^^^^^^^^^^
#9 338.1   File "/usr/local/lib/python3.12/http/client.py", line 484, in read
#9 338.1     s = self.fp.read(amt)
#9 338.1         ^^^^^^^^^^^^^^^^^
#9 338.1   File "/usr/local/lib/python3.12/socket.py", line 720, in readinto
#9 338.1     return self._sock.recv_into(b)
#9 338.1            ^^^^^^^^^^^^^^^^^^^^^^^
#9 338.1   File "/usr/local/lib/python3.12/ssl.py", line 1251, in recv_into
#9 338.1     return self.read(nbytes, buffer)
#9 338.1            ^^^^^^^^^^^^^^^^^^^^^^^^^
#9 338.1   File "/usr/local/lib/python3.12/ssl.py", line 1103, in read
#9 338.1     return self._sslobj.read(len, buffer)
#9 338.1            ^^^^^^^^^^^^^^^^^^^^^^^^^^^^^^
#9 338.1 TimeoutError: The read operation timed out
#9 338.1 
#9 338.1 During handling of the above exception, another exception occurred:
#9 338.1 
#9 338.1 Traceback (most recent call last):
#9 338.1   File "/usr/local/lib/python3.12/site-packages/pip/_internal/cli/base_command.py", line 106, in _run_wrapper
#9 338.1     status = _inner_run()
#9 338.1              ^^^^^^^^^^^^
#9 338.1   File "/usr/local/lib/python3.12/site-packages/pip/_internal/cli/base_command.py", line 97, in _inner_run
#9 338.1     return self.run(options, args)
#9 338.1            ^^^^^^^^^^^^^^^^^^^^^^^
#9 338.1   File "/usr/local/lib/python3.12/site-packages/pip/_internal/cli/req_command.py", line 67, in wrapper
#9 338.1     return func(self, options, args)
#9 338.1            ^^^^^^^^^^^^^^^^^^^^^^^^^
#9 338.1   File "/usr/local/lib/python3.12/site-packages/pip/_internal/commands/install.py", line 386, in run
#9 338.1     requirement_set = resolver.resolve(
#9 338.1                       ^^^^^^^^^^^^^^^^^
#9 338.1   File "/usr/local/lib/python3.12/site-packages/pip/_internal/resolution/resolvelib/resolver.py", line 179, in resolve
#9 338.1     self.factory.preparer.prepare_linked_requirements_more(reqs)
#9 338.1   File "/usr/local/lib/python3.12/site-packages/pip/_internal/operations/prepare.py", line 554, in prepare_linked_requirements_more
#9 338.1     self._complete_partial_requirements(
#9 338.1   File "/usr/local/lib/python3.12/site-packages/pip/_internal/operations/prepare.py", line 469, in _complete_partial_requirements
#9 338.1     for link, (filepath, _) in batch_download:
#9 338.1                                ^^^^^^^^^^^^^^
#9 338.1   File "/usr/local/lib/python3.12/site-packages/pip/_internal/network/download.py", line 184, in __call__
#9 338.1     for chunk in chunks:
#9 338.1                  ^^^^^^
#9 338.1   File "/usr/local/lib/python3.12/site-packages/pip/_internal/cli/progress_bars.py", line 55, in _rich_progress_bar
#9 338.1     for chunk in iterable:
#9 338.1                  ^^^^^^^^
#9 338.1   File "/usr/local/lib/python3.12/site-packages/pip/_internal/network/utils.py", line 65, in response_chunks
#9 338.1     for chunk in response.raw.stream(
#9 338.1                  ^^^^^^^^^^^^^^^^^^^^
#9 338.1   File "/usr/local/lib/python3.12/site-packages/pip/_vendor/urllib3/response.py", line 622, in stream
#9 338.1     data = self.read(amt=amt, decode_content=decode_content)
#9 338.1            ^^^^^^^^^^^^^^^^^^^^^^^^^^^^^^^^^^^^^^^^^^^^^^^^^
#9 338.1   File "/usr/local/lib/python3.12/site-packages/pip/_vendor/urllib3/response.py", line 560, in read
#9 338.1     with self._error_catcher():
#9 338.1          ^^^^^^^^^^^^^^^^^^^^^
#9 338.1   File "/usr/local/lib/python3.12/contextlib.py", line 158, in __exit__
#9 338.1     self.gen.throw(value)
#9 338.1   File "/usr/local/lib/python3.12/site-packages/pip/_vendor/urllib3/response.py", line 443, in _error_catcher
#9 338.1     raise ReadTimeoutError(self._pool, None, "Read timed out.")
#9 338.1 pip._vendor.urllib3.exceptions.ReadTimeoutError: HTTPSConnectionPool(host='files.pythonhosted.org', port=443): Read timed out.
#9 ERROR: process "/bin/sh -c pip install --no-cache-dir -r requirements.txt" did not complete successfully: exit code: 2
------
 > [ai-service 5/6] RUN pip install --no-cache-dir -r requirements.txt:
338.1     data = self.read(amt=amt, decode_content=decode_content)
338.1            ^^^^^^^^^^^^^^^^^^^^^^^^^^^^^^^^^^^^^^^^^^^^^^^^^
338.1   File "/usr/local/lib/python3.12/site-packages/pip/_vendor/urllib3/response.py", line 560, in read
338.1     with self._error_catcher():
338.1          ^^^^^^^^^^^^^^^^^^^^^
338.1   File "/usr/local/lib/python3.12/contextlib.py", line 158, in __exit__
338.1     self.gen.throw(value)
338.1   File "/usr/local/lib/python3.12/site-packages/pip/_vendor/urllib3/response.py", line 443, in _error_catcher
338.1     raise ReadTimeoutError(self._pool, None, "Read timed out.")
338.1 pip._vendor.urllib3.exceptions.ReadTimeoutError: HTTPSConnectionPool(host='files.pythonhosted.org', port=443): Read timed out.
------
failed to solve: process "/bin/sh -c pip install --no-cache-dir -r requirements.txt" did not complete successfully: exit code: 2
